> exam_data = data.frame(
+ name = c('Anastasia', 'Dima', 'Katherine', 'James', 'Emily', 'Michael', 'Matthew', 'Laura', 'Kevin', 'Jonas'),
+ score = c(12.5, 9, 16.5, 12, 9, 20, 14.5, 13.5, 8, 19),
+ attempts = c(1, 3, 2, 3, 2, 3, 1, 1, 2, 1),
+ qualify = c('yes', 'no', 'yes', 'no', 'no', 'yes', 'yes', 'no', 'no', 'yes')
+ )
> print("Original dataframe:")
[1] "Original dataframe:"
> print(exam_data)
        name score attempts qualify
1  Anastasia  12.5        1     yes
2       Dima   9.0        3      no
3  Katherine  16.5        2     yes
4      James  12.0        3      no
5      Emily   9.0        2      no
6    Michael  20.0        3     yes
7    Matthew  14.5        1     yes
8      Laura  13.5        1      no
9      Kevin   8.0        2      no
10     Jonas  19.0        1     yes
> print("Extract first two rows:")
[1] "Extract first two rows:"
> result =  exam_data[1:2,]print(result)
Error: unexpected symbol in "result =  exam_data[1:2,]print"
> result =  exam_data[1:2,]
> print(result)
       name score attempts qualify
1 Anastasia  12.5        1     yes
2      Dima   9.0        3      no
> result =  exam_data[c(3,5),c(1,3)]
> print(result)
       name attempts
3 Katherine        2
5     Emily        2
> 
